******************************************************************************
                  MSP430 Linker PC v4.4.3                      
******************************************************************************
>> Linked Fri Mar 06 23:12:14 2015

OUTPUT FILE NAME:   <InitTest.out>
ENTRY POINT SYMBOL: "_c_int00_noargs_noexit"  address: 0000fa9e


MEMORY CONFIGURATION

         name            origin    length      used     unused   attr    fill
----------------------  --------  ---------  --------  --------  ----  --------
  SFR                   00000000   00000010  00000000  00000010  RWIX
  PERIPHERALS_8BIT      00000010   000000f0  00000000  000000f0  RWIX
  PERIPHERALS_16BIT     00000100   00000100  00000000  00000100  RWIX
  RAM                   00000200   00000080  00000037  00000049  RWIX
  INFOD                 00001000   00000040  00000000  00000040  RWIX
  INFOC                 00001040   00000040  00000000  00000040  RWIX
  INFOB                 00001080   00000040  00000000  00000040  RWIX
  INFOA                 000010c0   00000040  00000000  00000040  RWIX
  FLASH                 0000f800   000007e0  00000354  0000048c  RWIX
  INT00                 0000ffe0   00000002  00000000  00000002  RWIX
  INT01                 0000ffe2   00000002  00000000  00000002  RWIX
  INT02                 0000ffe4   00000002  00000002  00000000  RWIX
  INT03                 0000ffe6   00000002  00000002  00000000  RWIX
  INT04                 0000ffe8   00000002  00000002  00000000  RWIX
  INT05                 0000ffea   00000002  00000002  00000000  RWIX
  INT06                 0000ffec   00000002  00000000  00000002  RWIX
  INT07                 0000ffee   00000002  00000000  00000002  RWIX
  INT08                 0000fff0   00000002  00000002  00000000  RWIX
  INT09                 0000fff2   00000002  00000002  00000000  RWIX
  INT10                 0000fff4   00000002  00000002  00000000  RWIX
  INT11                 0000fff6   00000002  00000000  00000002  RWIX
  INT12                 0000fff8   00000002  00000000  00000002  RWIX
  INT13                 0000fffa   00000002  00000000  00000002  RWIX
  INT14                 0000fffc   00000002  00000002  00000000  RWIX
  RESET                 0000fffe   00000002  00000002  00000000  RWIX


SECTION ALLOCATION MAP

 output                                  attributes/
section   page    origin      length       input sections
--------  ----  ----------  ----------   ----------------
.bss       0    00000200    00000004     UNINITIALIZED
                  00000200    00000002     (.common:P1_ISR)
                  00000202    00000002     (.common:P2_ISR)

.data      0    00000204    00000001     UNINITIALIZED
                  00000204    00000001     main.obj (.data)

.stack     0    0000024c    00000032     UNINITIALIZED
                  0000024c    00000002     rts430_eabi.lib : boot.obj (.stack)
                  0000024e    00000030     --HOLE--

.text      0    0000f800    0000033c     
                  0000f800    00000088     main.obj (.text:main)
                  0000f888    00000084     GPIO.obj (.text:G_Init)
                  0000f90c    00000064     rts430_eabi.lib : copy_decompress_rle.obj (.text:__TI_decompress_rle_core)
                  0000f970    00000058                     : autoinit.obj (.text:_auto_init)
                  0000f9c8    00000038     GPIO.obj (.text:G_InitPinInterrupt)
                  0000fa00    00000028     GPIO.obj (.text:G_PinInterruptFlag)
                  0000fa28    00000028     GPIO.obj (.text:G_WritePin)
                  0000fa50    0000001a     GPIO.obj (.text:P1_I)
                  0000fa6a    0000001a     GPIO.obj (.text:P2_I)
                  0000fa84    0000001a     main.obj (.text:Port1_ISR)
                  0000fa9e    0000001a     rts430_eabi.lib : boot_special.obj (.text:_c_int00_noargs_noexit)
                  0000fab8    00000014     GPIO.obj (.text:G_PinInterruptFlagClr)
                  0000facc    00000014     GPIO.obj (.text:G_SetISR)
                  0000fae0    00000014     rts430_eabi.lib : copy_zero_init.obj (.text:decompress:ZI:__TI_zero_init)
                  0000faf4    00000012                     : copy_decompress_none.obj (.text:decompress:none:__TI_decompress_none)
                  0000fb06    00000012                     : memcpy.obj (.text:memcpy)
                  0000fb18    00000010                     : epilog.obj (.text)
                  0000fb28    00000006                     : isr_trap.obj (.text:_isr:__TI_ISR_TRAP)
                  0000fb2e    00000006                     : copy_decompress_rle.obj (.text:decompress:rle24:__TI_decompress_rle24)
                  0000fb34    00000004                     : pre_init.obj (.text:_system_pre_init)
                  0000fb38    00000004                     : exit.obj (.text:abort)

.cinit     0    0000fb3c    00000018     
                  0000fb3c    00000006     (__TI_handler_table)
                  0000fb42    00000005     (.cinit..data.load) [load image]
                  0000fb47    00000001     --HOLE-- [fill = 0]
                  0000fb48    00000004     (.cinit..bss.load) [load image, compression = zero_init]
                  0000fb4c    00000008     (__TI_cinit_table)

.init_array 
*          0    0000f800    00000000     UNINITIALIZED

.TI.persistent 
*          0    00000204    00000000     UNINITIALIZED

PORT1      0    0000ffe4    00000002     
                  0000ffe4    00000002     GPIO.obj (.int02)

PORT2      0    0000ffe6    00000002     
                  0000ffe6    00000002     GPIO.obj (.int03)

USI        0    0000ffe8    00000002     
                  0000ffe8    00000002     rts430_eabi.lib : int04.obj (.int04)

ADC10      0    0000ffea    00000002     
                  0000ffea    00000002     rts430_eabi.lib : int05.obj (.int05)

TIMERA1    0    0000fff0    00000002     
                  0000fff0    00000002     rts430_eabi.lib : int08.obj (.int08)

TIMERA0    0    0000fff2    00000002     
                  0000fff2    00000002     rts430_eabi.lib : int09.obj (.int09)

WDT        0    0000fff4    00000002     
                  0000fff4    00000002     rts430_eabi.lib : int10.obj (.int10)

NMI        0    0000fffc    00000002     
                  0000fffc    00000002     rts430_eabi.lib : int14.obj (.int14)

.reset     0    0000fffe    00000002     
                  0000fffe    00000002     rts430_eabi.lib : boot.obj (.reset)


LINKER GENERATED COPY TABLES

__TI_cinit_table @ 0000fb4c records: 2, size/record: 4, table size: 8
	.data: load addr=0000fb42, load size=00000005 bytes, run addr=00000204, run size=00000001 bytes, compression=copy
	.bss: load addr=0000fb48, load size=00000004 bytes, run addr=00000200, run size=00000004 bytes, compression=zero_init


LINKER GENERATED HANDLER TABLE

__TI_handler_table @ 0000fb3c records: 3, size/record: 2, table size: 6
	index: 0, handler: __TI_zero_init
	index: 1, handler: __TI_decompress_rle24
	index: 2, handler: __TI_decompress_none


GLOBAL SYMBOLS: SORTED ALPHABETICALLY BY Name 

address   name                    
-------   ----                    
0000004a  ADC10AE0                
000001b0  ADC10CTL0               
000001b2  ADC10CTL1               
00000048  ADC10DTC0               
00000049  ADC10DTC1               
000001b4  ADC10MEM                
000001bc  ADC10SA                 
00000057  BCSCTL1                 
00000058  BCSCTL2                 
00000053  BCSCTL3                 
0000fb38  C$$EXIT                 
000010ff  CALBC1_1MHZ             
000010fe  CALDCO_1MHZ             
00000056  DCOCTL                  
00000128  FCTL1                   
0000012a  FCTL2                   
0000012c  FCTL3                   
0000f888  G_Init                  
0000f9c8  G_InitPinInterrupt      
0000fa00  G_PinInterruptFlag      
0000fab8  G_PinInterruptFlagClr   
0000facc  G_SetISR                
0000fa28  G_WritePin              
00000000  IE1                     
00000002  IFG1                    
00000022  P1DIR                   
00000025  P1IE                    
00000024  P1IES                   
00000023  P1IFG                   
00000020  P1IN                    
00000021  P1OUT                   
00000027  P1REN                   
00000026  P1SEL                   
0000fa50  P1_I                    
00000200  P1_ISR                  
0000002a  P2DIR                   
0000002d  P2IE                    
0000002c  P2IES                   
0000002b  P2IFG                   
00000028  P2IN                    
00000029  P2OUT                   
0000002f  P2REN                   
0000002e  P2SEL                   
0000fa6a  P2_I                    
00000202  P2_ISR                  
0000fa84  Port1_ISR               
00000204  T                       
00000172  TACCR0                  
00000174  TACCR1                  
00000162  TACCTL0                 
00000164  TACCTL1                 
00000160  TACTL                   
0000012e  TAIV                    
00000170  TAR                     
0000007a  USICCTL                 
0000007a  USICKCTL                
0000007b  USICNT                  
00000078  USICTL                  
00000078  USICTL0                 
00000079  USICTL1                 
0000007c  USISR                   
0000007d  USISRH                  
0000007c  USISRL                  
00000120  WDTCTL                  
0000027e  __STACK_END             
00000032  __STACK_SIZE            
0000fb4c  __TI_CINIT_Base         
0000fb54  __TI_CINIT_Limit        
0000fb3c  __TI_Handler_Table_Base 
0000fb42  __TI_Handler_Table_Limit
UNDEFED   __TI_INITARRAY_Base     
UNDEFED   __TI_INITARRAY_Limit    
0000fb28  __TI_ISR_TRAP           
0000faf4  __TI_decompress_none    
0000fb2e  __TI_decompress_rle24   
0000ffe4  __TI_int02              
0000ffe6  __TI_int03              
0000ffe8  __TI_int04              
0000ffea  __TI_int05              
0000fff0  __TI_int08              
0000fff2  __TI_int09              
0000fff4  __TI_int10              
0000fffc  __TI_int14              
0000fae0  __TI_zero_init          
ffffffff  __binit__               
ffffffff  __c_args__              
0000fb24  __mspabi_func_epilog_1  
0000fb22  __mspabi_func_epilog_2  
0000fb20  __mspabi_func_epilog_3  
0000fb1e  __mspabi_func_epilog_4  
0000fb1c  __mspabi_func_epilog_5  
0000fb1a  __mspabi_func_epilog_6  
0000fb18  __mspabi_func_epilog_7  
0000f970  _auto_init              
0000fa9e  _c_int00_noargs_noexit  
0000fffe  _reset_vector           
0000024c  _stack                  
0000fb34  _system_pre_init        
0000fb38  abort                   
ffffffff  binit                   
0000f800  main                    
0000fb06  memcpy                  


GLOBAL SYMBOLS: SORTED BY Symbol Address 

address   name                    
-------   ----                    
00000000  IE1                     
00000002  IFG1                    
00000020  P1IN                    
00000021  P1OUT                   
00000022  P1DIR                   
00000023  P1IFG                   
00000024  P1IES                   
00000025  P1IE                    
00000026  P1SEL                   
00000027  P1REN                   
00000028  P2IN                    
00000029  P2OUT                   
0000002a  P2DIR                   
0000002b  P2IFG                   
0000002c  P2IES                   
0000002d  P2IE                    
0000002e  P2SEL                   
0000002f  P2REN                   
00000032  __STACK_SIZE            
00000048  ADC10DTC0               
00000049  ADC10DTC1               
0000004a  ADC10AE0                
00000053  BCSCTL3                 
00000056  DCOCTL                  
00000057  BCSCTL1                 
00000058  BCSCTL2                 
00000078  USICTL                  
00000078  USICTL0                 
00000079  USICTL1                 
0000007a  USICCTL                 
0000007a  USICKCTL                
0000007b  USICNT                  
0000007c  USISR                   
0000007c  USISRL                  
0000007d  USISRH                  
00000120  WDTCTL                  
00000128  FCTL1                   
0000012a  FCTL2                   
0000012c  FCTL3                   
0000012e  TAIV                    
00000160  TACTL                   
00000162  TACCTL0                 
00000164  TACCTL1                 
00000170  TAR                     
00000172  TACCR0                  
00000174  TACCR1                  
000001b0  ADC10CTL0               
000001b2  ADC10CTL1               
000001b4  ADC10MEM                
000001bc  ADC10SA                 
00000200  P1_ISR                  
00000202  P2_ISR                  
00000204  T                       
0000024c  _stack                  
0000027e  __STACK_END             
000010fe  CALDCO_1MHZ             
000010ff  CALBC1_1MHZ             
0000f800  main                    
0000f888  G_Init                  
0000f970  _auto_init              
0000f9c8  G_InitPinInterrupt      
0000fa00  G_PinInterruptFlag      
0000fa28  G_WritePin              
0000fa50  P1_I                    
0000fa6a  P2_I                    
0000fa84  Port1_ISR               
0000fa9e  _c_int00_noargs_noexit  
0000fab8  G_PinInterruptFlagClr   
0000facc  G_SetISR                
0000fae0  __TI_zero_init          
0000faf4  __TI_decompress_none    
0000fb06  memcpy                  
0000fb18  __mspabi_func_epilog_7  
0000fb1a  __mspabi_func_epilog_6  
0000fb1c  __mspabi_func_epilog_5  
0000fb1e  __mspabi_func_epilog_4  
0000fb20  __mspabi_func_epilog_3  
0000fb22  __mspabi_func_epilog_2  
0000fb24  __mspabi_func_epilog_1  
0000fb28  __TI_ISR_TRAP           
0000fb2e  __TI_decompress_rle24   
0000fb34  _system_pre_init        
0000fb38  C$$EXIT                 
0000fb38  abort                   
0000fb3c  __TI_Handler_Table_Base 
0000fb42  __TI_Handler_Table_Limit
0000fb4c  __TI_CINIT_Base         
0000fb54  __TI_CINIT_Limit        
0000ffe4  __TI_int02              
0000ffe6  __TI_int03              
0000ffe8  __TI_int04              
0000ffea  __TI_int05              
0000fff0  __TI_int08              
0000fff2  __TI_int09              
0000fff4  __TI_int10              
0000fffc  __TI_int14              
0000fffe  _reset_vector           
ffffffff  __binit__               
ffffffff  __c_args__              
ffffffff  binit                   
UNDEFED   __TI_INITARRAY_Base     
UNDEFED   __TI_INITARRAY_Limit    

[102 symbols]
